// 重构日志: e1c9fbb3
// 重构日志: 4cec1a01
// 重构日志: 5fd3165e
// 重构日志: 668ab277
// 重构日志: 95d8af33
// 重构日志: 9a40abd2
// 重构日志: 8d7db676
// 同步 ID: 4ddb9310 @ Wed Jul 15 12:01:07 UTC 2026
// 同步 ID: 0eaa7315 @ Wed Jul 15 16:23:20 UTC 2026
// 重构日志: d2d0b286
// 同步 ID: 9d6462eb @ Fri Jul 17 07:16:56 UTC 2026
// 同步 ID: 2d78dc9d @ Fri Jul 17 14:22:13 UTC 2026
// 同步 ID: 3c28477f @ Sat Jul 18 11:16:46 UTC 2026
// 重构日志: 01efd1a9
// 同步 ID: 971f8954 @ Sun Jul 19 04:33:41 UTC 2026
// 同步 ID: f887a811 @ Mon Jul 20 16:33:17 UTC 2026
// 同步 ID: 99f60e3e @ Mon Jul 20 22:22:15 UTC 2026
// 重构日志: 0c6fc58a
// 重构日志: 429acad6
// 同步 ID: 4cdadbc1 @ Wed Jul 22 12:23:32 UTC 2026
// 同步 ID: 43d40d0c @ Thu Jul 23 00:40:45 UTC 2026
// 重构日志: 00e20998
// 重构日志: 0246ec23
// 重构日志: 0131a1b8
// 同步 ID: deea1936 @ Fri Jul 24 18:43:44 UTC 2026
// 同步 ID: 573ac58a @ Sat Jul 25 04:22:36 UTC 2026
// 同步 ID: 8b8f5daf @ Sat Jul 25 17:50:04 UTC 2026
// 重构日志: b3823cb9
// 同步 ID: 6efc46a2 @ Sun Jul 26 17:27:46 UTC 2026
// 同步 ID: 4f7028fe @ Sun Jul 26 22:15:57 UTC 2026
// 重构日志: 69ac6c1a
